// Jest Snapshot v1, https://goo.gl/fbAQLP

exports[`EntryScreen renders correctly 1`] = `
<View
  style={
    Object {
      "flex": 1,
      "height": 1334,
    }
  }
>
  <View
    onLayout={[Function]}
  >
    <View
      style={
        Object {
          "backgroundColor": "#F8F8F8",
          "borderBottomColor": "#a7a6ab",
          "borderBottomWidth": 0.5,
          "elevation": 3,
          "flexDirection": "row",
          "height": 64,
          "justifyContent": "center",
          "left": 0,
          "paddingLeft": 6,
          "paddingRight": 10,
          "paddingTop": 18,
          "right": 0,
          "shadowColor": undefined,
          "shadowOffset": undefined,
          "shadowOpacity": undefined,
          "shadowRadius": undefined,
          "top": 0,
        }
      }
    >
      <View
        style={
          Object {
            "alignItems": "center",
            "alignSelf": "center",
            "flex": 1,
          }
        }
      >
        <Text
          accessible={true}
          allowFontScaling={true}
          ellipsizeMode="tail"
          numberOfLines={1}
          style={
            Object {
              "color": "#000",
              "fontFamily": "System",
              "fontSize": 17,
              "fontWeight": "700",
              "marginLeft": undefined,
              "paddingLeft": 4,
              "paddingTop": 1,
              "textAlign": "center",
            }
          }
        >
          ログイン
        </Text>
      </View>
      <View
        style={
          Object {
            "alignItems": "flex-end",
            "alignSelf": "center",
            "flex": 1,
            "flexDirection": "row",
            "justifyContent": "flex-end",
          }
        }
      />
    </View>
  </View>
  <RCTScrollView
    automaticallyAdjustContentInsets={false}
    contentContainerStyle={
      Array [
        Object {
          "padding": undefined,
        },
        undefined,
      ]
    }
    contentInset={
      Object {
        "bottom": 0,
      }
    }
    enableAutomaticScroll={true}
    enableResetScrollToCoords={true}
    extraHeight={75}
    extraScrollHeight={0}
    getScrollResponder={[Function]}
    handleOnScroll={[Function]}
    keyboardDismissMode="interactive"
    keyboardOpeningTime={250}
    keyboardShouldPersistTaps="handled"
    keyboardSpace={0}
    onScroll={[Function]}
    resetKeyboardSpace={[Function]}
    resetScrollToCoords={
      Object {
        "x": 0,
        "y": 0,
      }
    }
    scrollEventThrottle={1}
    scrollForExtraHeightOnAndroid={[Function]}
    scrollToEnd={[Function]}
    scrollToFocusedInput={[Function]}
    scrollToPosition={[Function]}
    showsVerticalScrollIndicator={true}
    style={
      Object {
        "backgroundColor": "transparent",
        "flex": 1,
      }
    }
    viewIsInsideTabBar={false}
  >
    <View>
      <View
        style={
          Object {
            "backgroundColor": "#fff",
            "borderBottomWidth": 0.5,
            "borderColor": "#ccc",
            "borderLeftWidth": 0.5,
            "borderRadius": 2,
            "borderRightWidth": 0.5,
            "borderTopWidth": 0.5,
            "elevation": 3,
            "flex": 1,
            "flexWrap": "nowrap",
            "marginBottom": 5,
            "marginLeft": 2,
            "marginRight": 2,
            "marginTop": 5,
            "shadowColor": "#000",
            "shadowOffset": Object {
              "height": 2,
              "width": 0,
            },
            "shadowOpacity": 0.1,
            "shadowRadius": 1.5,
          }
        }
      >
        <View>
          <View
            accessible={true}
            isTVSelectable={true}
            onResponderGrant={[Function]}
            onResponderMove={[Function]}
            onResponderRelease={[Function]}
            onResponderTerminate={[Function]}
            onResponderTerminationRequest={[Function]}
            onStartShouldSetResponder={[Function]}
            style={
              Object {
                "alignItems": "center",
                "backgroundColor": "transparent",
                "borderBottomWidth": 1,
                "borderColor": "#D9D5DC",
                "borderLeftWidth": 0,
                "borderRightWidth": 0,
                "borderTopWidth": 0,
                "flexDirection": "row",
                "marginLeft": 2,
                "opacity": 1,
              }
            }
          >
            <TextInput
              allowFontScaling={true}
              editable={true}
              name="email"
              onBlur={[Function]}
              onChange={[Function]}
              onDragStart={[Function]}
              onDrop={[Function]}
              onFocus={[Function]}
              placeholder="メールアドレス"
              placeholderTextColor="#575757"
              style={
                Object {
                  "color": "#000",
                  "flex": 1,
                  "fontSize": 17,
                  "height": 50,
                  "paddingLeft": 5,
                  "paddingRight": 5,
                  "top": 1.5,
                }
              }
              underlineColorAndroid="rgba(0,0,0,0)"
              value=""
            />
          </View>
          <Text
            accessible={true}
            allowFontScaling={true}
            ellipsizeMode="tail"
            style={
              Object {
                "color": "#000",
                "fontFamily": "System",
                "fontSize": 16,
              }
            }
            uppercase={false}
          />
        </View>
      </View>
    </View>
  </RCTScrollView>
  <View
    style={
      Object {
        "backgroundColor": "#F8F8F8",
        "borderColor": "#cbcbcb",
        "borderTopWidth": 0.5,
        "elevation": 3,
        "flexDirection": "row",
        "height": 55,
        "justifyContent": "center",
        "left": 0,
        "paddingBottom": 0,
        "right": 0,
      }
    }
  >
    <View
      style={
        Object {
          "alignSelf": "stretch",
          "backgroundColor": undefined,
          "flex": 1,
          "flexDirection": "row",
          "justifyContent": "space-between",
        }
      }
    >
      <View
        accessible={true}
        isTVSelectable={true}
        onResponderGrant={[Function]}
        onResponderMove={[Function]}
        onResponderRelease={[Function]}
        onResponderTerminate={[Function]}
        onResponderTerminationRequest={[Function]}
        onStartShouldSetResponder={[Function]}
        style={
          Object {
            "alignItems": "center",
            "alignSelf": "stretch",
            "backgroundColor": "transparent",
            "borderBottomWidth": null,
            "borderColor": null,
            "borderLeftWidth": null,
            "borderRadius": 0,
            "borderRightWidth": null,
            "borderTopWidth": null,
            "elevation": 0,
            "flex": 1,
            "flexDirection": null,
            "height": 55,
            "justifyContent": "center",
            "opacity": 1,
            "paddingBottom": 6,
            "paddingTop": 6,
            "shadowColor": null,
            "shadowOffset": null,
            "shadowOpacity": null,
            "shadowRadius": null,
          }
        }
      >
        <Text
          accessible={true}
          allowFontScaling={true}
          ellipsizeMode="tail"
          style={
            Object {
              "backgroundColor": "transparent",
              "color": "#6b6b6b",
              "fontFamily": "System",
              "fontSize": 14,
              "lineHeight": 16,
              "marginLeft": 0,
              "marginRight": 0,
              "paddingLeft": 16,
              "paddingRight": 16,
            }
          }
          uppercase={false}
        >
          次へ
        </Text>
      </View>
    </View>
  </View>
</View>
`;
